// Jest Snapshot v1, https://goo.gl/fbAQLP

exports[`postgresql draft migration and apply 1`] = `

Prisma Migrate created a draft migration 20201231000000_first

You can now edit it and then apply it by running prisma migrate --experimental again.
`;

exports[`postgresql draft migration and apply 2`] = ``;

exports[`postgresql draft migration and apply 4`] = `Array []`;

exports[`postgresql draft migration and apply 5`] = `Array []`;

exports[`postgresql existingdb: first migration after init 1`] = ``;

exports[`postgresql existingdb: first migration after init 3`] = `Array []`;

exports[`postgresql existingdb: first migration after init 4`] = `Array []`;

exports[`postgresql first migration after init - empty.prisma 1`] = ``;

exports[`postgresql first migration after init - empty.prisma 3`] = `Array []`;

exports[`postgresql first migration after init - empty.prisma 4`] = `Array []`;

exports[`postgresql first migration after init --force 1`] = ``;

exports[`postgresql first migration after init --force 3`] = `Array []`;

exports[`postgresql first migration after init --force 4`] = `Array []`;

exports[`postgresql first migration after init 1`] = ``;

exports[`postgresql first migration after init 3`] = `Array []`;

exports[`postgresql first migration after init 4`] = `Array []`;

exports[`postgresql schema only 2`] = `Array []`;

exports[`postgresql schema only 3`] = `Array []`;

exports[`sqlite draft migration and apply 1`] = `

Prisma Migrate created a draft migration 20201231000000_first

You can now edit it and then apply it by running prisma migrate --experimental again.
`;

exports[`sqlite draft migration and apply 2`] = ``;

exports[`sqlite draft migration and apply 5`] = ``;

exports[`sqlite draft migration and apply 6`] = ``;

exports[`sqlite first migration after init - empty.prisma 1`] = ``;

exports[`sqlite first migration after init - empty.prisma 3`] = `Array []`;

exports[`sqlite first migration after init - empty.prisma 4`] = `Array []`;

exports[`sqlite first migration after init --force 1`] = ``;

exports[`sqlite first migration after init --force 3`] = ``;

exports[`sqlite first migration after init --force 4`] = ``;

exports[`sqlite first migration after init 1`] = ``;

exports[`sqlite first migration after init 3`] = `Array []`;

exports[`sqlite first migration after init 4`] = `Array []`;
